// Jest Snapshot v1, https://goo.gl/fbAQLP

exports[`ErrorPage ErrorPage will mount correctly 1`] = `
<React.Fragment>
  <HelmetWrapper
    defer={true}
    encodeSpecialCharacters={true}
  >
    <title>
      Erro página não encontrada
    </title>
  </HelmetWrapper>
  <div>
    Página não existe!
  </div>
</React.Fragment>
`;
