// Jest Snapshot v1, https://goo.gl/fbAQLP

exports[`App App will mount correctly 1`] = `
<React.Fragment>
  <WithStyles(CssBaseline) />
  <HelmetWrapper
    defaultTitle="Trocas e Doações"
    defer={true}
    encodeSpecialCharacters={true}
    titleTemplate="%s | Trocapp"
  />
  <Switch>
    <Route
      exact={true}
      key="0"
      path="/"
      render={[Function]}
    />
    <Route
      exact={true}
      key="1"
      path="/sobre"
      render={[Function]}
    />
    <Route
      exact={true}
      key="2"
      path="/detalhe-produto"
      render={[Function]}
    />
    <Route
      key="3"
      render={[Function]}
    />
  </Switch>
</React.Fragment>
`;
